VM90:111 Failed to execute 'postMessage' on 'DOMWindow': The target origin provided ('https://www.flashscore.com.br') does not match the recipient window's origin ('https://espinh0.github.io').
(anonymous) @ VM90:111
VM90:111 Failed to execute 'postMessage' on 'DOMWindow': The target origin provided ('https://www.flashscore.com') does not match the recipient window's origin ('https://espinh0.github.io').
(anonymous) @ VM90:111
VM90:111 Failed to execute 'postMessage' on 'DOMWindow': The target origin provided ('https://m.flashscore.com.br') does not match the recipient window's origin ('https://espinh0.github.io').
(anonymous) @ VM90:111
VM90:111 Failed to execute 'postMessage' on 'DOMWindow': The target origin provided ('https://www.flashscore.mobi') does not match the recipient window's origin ('https://espinh0.github.io').
(anonymous) @ VM90:111
Failed to execute 'write' on 'Document': It isn't possible to write into a document from an asynchronously-loaded external script unless it is explicitly opened.
Failed to execute 'write' on 'Document': It isn't possible to write into a document from an asynchronously-loaded external script unless it is explicitly opened.
Failed to execute 'write' on 'Document': It isn't possible to write into a document from an asynchronously-loaded external script unless it is explicitly opened.
Failed to execute 'write' on 'Document': It isn't possible to write into a document from an asynchronously-loaded external script unless it is explicitly opened.
Failed to execute 'write' on 'Document': It isn't possible to write into a document from an asynchronously-loaded external script unless it is explicitly opened.
Failed to execute 'write' on 'Document': It isn't possible to write into a document from an asynchronously-loaded external script unless it is explicitly opened.
Failed to execute 'write' on 'Document': It isn't possible to write into a document from an asynchronously-loaded external script unless it is explicitly opened.
Failed to execute 'write' on 'Document': It isn't possible to write into a document from an asynchronously-loaded external script unless it is explicitly opened.
campeonato-do-mundo/:982 A preload for 'https://static.flashscore.com/res/image/data/GxXrrSiU-lvmQzmKS.png' is found, but is not used because the request credentials mode does not match. Consider taking a look at crossorigin attribute.
campeonato-do-mundo/:982 A preload for 'https://static.flashscore.com/res/image/data/GxXrrSiU-lvmQzmKS.png' is found, but is not used because the request credentials mode does not match. Consider taking a look at crossorigin attribute.
logger.ts:117 [2026-07-02T16:45:07.930Z]  @firebase/database: FIREBASE WARNING: Using an unspecified index. Your data will be downloaded and filtered on the client. Consider adding ".indexOn": "ts" at /flowgate/rooms/room-pet998dr2-fdc422fc/actions/fs-score to your security rules for better performance. 
(anonymous) @ logger.ts:117
www.flashscore.com.br/futebol/mundo/campeonato-do-mundo/#/6kKoWOjD/sorteio/:1 The resource https://static.flashscore.com/res/image/data/GxXrrSiU-lvmQzmKS.png was preloaded using link preload but not used within a few seconds from the window's load event. Please make sure it has an appropriate `as` value and it is preloaded intentionally.
www.flashscore.com.br/futebol/mundo/campeonato-do-mundo/#/6kKoWOjD/sorteio/:1 The resource https://static.flashscore.com/res/image/data/GxXrrSiU-lvmQzmKS.png was preloaded using link preload but not used within a few seconds from the window's load event. Please make sure it has an appropriate `as` value and it is preloaded intentionally.
www.flashscore.com.br/futebol/mundo/campeonato-do-mundo/#/6kKoWOjD/sorteio/:1 The resource https://static.flashscore.com/res/image/data/GxXrrSiU-lvmQzmKS.png was preloaded using link preload but not used within a few seconds from the window's load event. Please make sure it has an appropriate `as` value and it is preloaded intentionally.
www.flashscore.com.br/futebol/mundo/campeonato-do-mundo/#/6kKoWOjD/sorteio/:1 The resource https://static.flashscore.com/res/image/data/GxXrrSiU-lvmQzmKS.png was preloaded using link preload but not used within a few seconds from the window's load event. Please make sure it has an appropriate `as` value and it is preloaded intentionally.
