pagead2.googlesyndication.com/pagead/js/adsbygoogle.js:1  Failed to load resource: net::ERR_BLOCKED_BY_CLIENT
[Violation] Permissions policy violation: screen-wake-lock is not allowed in this document.
[Violation] Permissions policy violation: screen-wake-lock is not allowed in this document.
[Violation] Permissions policy violation: screen-wake-lock is not allowed in this document.
[Violation] Permissions policy violation: screen-wake-lock is not allowed in this document.
[Violation] Permissions policy violation: screen-wake-lock is not allowed in this document.
[Violation] Permissions policy violation: screen-wake-lock is not allowed in this document.
[Violation] Permissions policy violation: screen-wake-lock is not allowed in this document.
[Violation] Permissions policy violation: screen-wake-lock is not allowed in this document.
pagead2.googlesyndication.com/pagead/js/adsbygoogle.js:1  Failed to load resource: net::ERR_BLOCKED_BY_CLIENT
connect.facebook.net/en_US/fbevents.js:1  Failed to load resource: net::ERR_BLOCKED_BY_CLIENT
Blocked script execution in 'about:blank' because the document's frame is sandboxed and the 'allow-scripts' permission is not set.
Blocked script execution in 'about:blank' because the document's frame is sandboxed and the 'allow-scripts' permission is not set.
Blocked script execution in 'about:blank' because the document's frame is sandboxed and the 'allow-scripts' permission is not set.
Blocked script execution in 'about:blank' because the document's frame is sandboxed and the 'allow-scripts' permission is not set.
Blocked script execution in 'about:blank' because the document's frame is sandboxed and the 'allow-scripts' permission is not set.
Blocked script execution in 'about:blank' because the document's frame is sandboxed and the 'allow-scripts' permission is not set.
Blocked script execution in 'about:blank' because the document's frame is sandboxed and the 'allow-scripts' permission is not set.
Blocked script execution in 'about:blank' because the document's frame is sandboxed and the 'allow-scripts' permission is not set.
Blocked script execution in 'about:blank' because the document's frame is sandboxed and the 'allow-scripts' permission is not set.
Blocked script execution in 'about:blank' because the document's frame is sandboxed and the 'allow-scripts' permission is not set.
Blocked script execution in 'about:blank' because the document's frame is sandboxed and the 'allow-scripts' permission is not set.
Blocked script execution in 'about:blank' because the document's frame is sandboxed and the 'allow-scripts' permission is not set.
Blocked script execution in 'about:blank' because the document's frame is sandboxed and the 'allow-scripts' permission is not set.
Blocked script execution in 'about:blank' because the document's frame is sandboxed and the 'allow-scripts' permission is not set.
Blocked script execution in 'about:blank' because the document's frame is sandboxed and the 'allow-scripts' permission is not set.
Blocked script execution in 'about:blank' because the document's frame is sandboxed and the 'allow-scripts' permission is not set.
Blocked script execution in 'about:blank' because the document's frame is sandboxed and the 'allow-scripts' permission is not set.
Blocked script execution in 'about:blank' because the document's frame is sandboxed and the 'allow-scripts' permission is not set.
Blocked script execution in 'about:blank' because the document's frame is sandboxed and the 'allow-scripts' permission is not set.
Blocked script execution in 'about:blank' because the document's frame is sandboxed and the 'allow-scripts' permission is not set.
Blocked script execution in 'about:blank' because the document's frame is sandboxed and the 'allow-scripts' permission is not set.
Blocked script execution in 'about:blank' because the document's frame is sandboxed and the 'allow-scripts' permission is not set.
Blocked script execution in 'about:blank' because the document's frame is sandboxed and the 'allow-scripts' permission is not set.
Blocked script execution in 'about:blank' because the document's frame is sandboxed and the 'allow-scripts' permission is not set.
Blocked script execution in 'about:blank' because the document's frame is sandboxed and the 'allow-scripts' permission is not set.
Blocked script execution in 'about:blank' because the document's frame is sandboxed and the 'allow-scripts' permission is not set.
Blocked script execution in 'about:blank' because the document's frame is sandboxed and the 'allow-scripts' permission is not set.
Blocked script execution in 'about:blank' because the document's frame is sandboxed and the 'allow-scripts' permission is not set.
Blocked script execution in 'about:blank' because the document's frame is sandboxed and the 'allow-scripts' permission is not set.
Blocked script execution in 'about:blank' because the document's frame is sandboxed and the 'allow-scripts' permission is not set.
Blocked script execution in 'about:blank' because the document's frame is sandboxed and the 'allow-scripts' permission is not set.
Blocked script execution in 'about:blank' because the document's frame is sandboxed and the 'allow-scripts' permission is not set.
pagead2.googlesyndication.com/measurement/conversion?random=1782996667313&cv=11&tid=G-DK7FZPG8CJ&fst=1782996667313&fmt=8&en=session_start&gtm=45je66u1v880596980z871314122za20gzb71314122zd71314122xec&gcs=G100&gcd=13q3q3q3q5l1&dma_cps=-&dma=0&tcfd=10000&tag_exp=115616986~115938466~115938469~118395335~118897920~118897930~119027224~119576881~119576885~119576891~119576895&u_w=1920&u_h=1080&url=https%3A%2F%2Fwww.flashscore.com.br&ref=https%3A%2F%2Fespinh0.github.io&top=https%3A%2F%2Fespinh0.github.io&gacid=51092187.1782996667&frm=2&tiba=Copa%20do%20Mundo%202026%2C%20resultados%20de%20%E2%9A%BD%20futebol%20ao%20vivo%2C%20Brasileir%C3%A3o%202026%2C%20Copa%20Libertadores%20%7C%20Flashscore.com.br&npa=1&pscdl=denied&uaa=x86&uab=64&uafvl=Google%2520Chrome%3B149.0.7827.157%7CChromium%3B149.0.7827.157%7CNot)A%253BBrand%3B24.0.0.0&uamb=0&uam=&uap=Windows&uapv=19.0.0&uaw=0&_tu=SA&rcb=0:1  Failed to load resource: net::ERR_BLOCKED_BY_CLIENT
pagead2.googlesyndication.com/measurement/conversion?random=1782996667330&cv=11&tid=G-DK7FZPG8CJ&fst=1782996667330&fmt=8&en=page_view&gtm=45je66u1v880596980z871314122za20gzb71314122zd71314122xec&gcs=G100&gcd=13q3q3q3q5l1&dma_cps=-&dma=0&tcfd=10000&tag_exp=115616986~115938466~115938469~118395335~118897920~118897930~119027224~119576881~119576885~119576891~119576895&u_w=1920&u_h=1080&url=https%3A%2F%2Fwww.flashscore.com.br&ref=https%3A%2F%2Fespinh0.github.io&top=https%3A%2F%2Fespinh0.github.io&gacid=51092187.1782996667&frm=2&tiba=Copa%20do%20Mundo%202026%2C%20resultados%20de%20%E2%9A%BD%20futebol%20ao%20vivo%2C%20Brasileir%C3%A3o%202026%2C%20Copa%20Libertadores%20%7C%20Flashscore.com.br&gdid=dYWJhMj&npa=1&pscdl=denied&uaa=x86&uab=64&uafvl=Google%2520Chrome%3B149.0.7827.157%7CChromium%3B149.0.7827.157%7CNot)A%253BBrand%3B24.0.0.0&uamb=0&uam=&uap=Windows&uapv=19.0.0&uaw=0&_tu=SA&rcb=0:1  Failed to load resource: net::ERR_BLOCKED_BY_CLIENT
pagead2.googlesyndication.com/pagead/js/adsbygoogle.js:1  Failed to load resource: net::ERR_BLOCKED_BY_CLIENT
connect.facebook.net/en_US/fbevents.js:1  Failed to load resource: net::ERR_BLOCKED_BY_CLIENT
pagead2.googlesyndication.com/measurement/conversion?random=1782996720431&cv=11&tid=G-DK7FZPG8CJ&fst=1782996720431&fmt=8&en=page_view&gtm=45je66u1v880596980z871314122za20gzb71314122zd71314122xec&gcs=G100&gcd=13q3q3q3q5l1&dma_cps=-&dma=0&tcfd=10000&tag_exp=115938466~115938469~118897920~118897930~119027224~119576881~119576885~119576891~119576895&u_w=1920&u_h=1080&url=https%3A%2F%2Fwww.flashscore.com.br&ref=https%3A%2F%2Fwww.flashscore.com.br&top=https%3A%2F%2Fespinh0.github.io&gacid=622702306.1782996720&frm=2&tiba=Copa%20do%20Mundo%202026%2C%20resultados%20de%20%E2%9A%BD%20futebol%20ao%20vivo%2C%20Brasileir%C3%A3o%202026%2C%20Copa%20Libertadores%20%7C%20Flashscore.com.br&gdid=dYWJhMj&npa=1&pscdl=denied&uaa=x86&uab=64&uafvl=Google%2520Chrome%3B149.0.7827.157%7CChromium%3B149.0.7827.157%7CNot)A%253BBrand%3B24.0.0.0&uamb=0&uam=&uap=Windows&uapv=19.0.0&uaw=0&_tu=SA&rcb=14:1  Failed to load resource: net::ERR_BLOCKED_BY_CLIENT
pagead2.googlesyndication.com/measurement/conversion?random=1782996720431&cv=11&tid=G-DK7FZPG8CJ&fst=1782996720431&fmt=8&en=session_start&gtm=45je66u1v880596980z871314122za20gzb71314122zd71314122xec&gcs=G100&gcd=13q3q3q3q5l1&dma_cps=-&dma=0&tcfd=10000&tag_exp=115938466~115938469~118897920~118897930~119027224~119576881~119576885~119576891~119576895&u_w=1920&u_h=1080&url=https%3A%2F%2Fwww.flashscore.com.br&ref=https%3A%2F%2Fwww.flashscore.com.br&top=https%3A%2F%2Fespinh0.github.io&gacid=622702306.1782996720&frm=2&tiba=Copa%20do%20Mundo%202026%2C%20resultados%20de%20%E2%9A%BD%20futebol%20ao%20vivo%2C%20Brasileir%C3%A3o%202026%2C%20Copa%20Libertadores%20%7C%20Flashscore.com.br&gdid=dYWJhMj&npa=1&pscdl=denied&uaa=x86&uab=64&uafvl=Google%2520Chrome%3B149.0.7827.157%7CChromium%3B149.0.7827.157%7CNot)A%253BBrand%3B24.0.0.0&uamb=0&uam=&uap=Windows&uapv=19.0.0&uaw=0&_tu=SA&rcb=14:1  Failed to load resource: net::ERR_BLOCKED_BY_CLIENT
pagead2.googlesyndication.com/pagead/js/adsbygoogle.js:1  Failed to load resource: net::ERR_BLOCKED_BY_CLIENT
pagead2.googlesyndication.com/pagead/js/adsbygoogle.js:1  Failed to load resource: net::ERR_BLOCKED_BY_CLIENT
connect.facebook.net/en_US/fbevents.js:1  Failed to load resource: net::ERR_BLOCKED_BY_CLIENT
pagead2.googlesyndication.com/measurement/conversion?random=1782996729800&cv=11&tid=G-DK7FZPG8CJ&fst=1782996729800&fmt=8&en=page_view&gtm=45je66u1v880596980z871314122za20gzb71314122zd71314122xec&gcs=G100&gcd=13q3q3q3q5l1&dma_cps=-&dma=0&tcfd=10000&tag_exp=115938466~115938469~118012008~118897920~118897930~119027224~119576881~119576885~119576891~119576895&u_w=1920&u_h=1080&url=https%3A%2F%2Fwww.flashscore.com.br%2Fjogo%2Ffutebol%2Fdrukpa-dzzrQvs2%2Ftransport-united-27n3Un1s%2F%3Fmid%3D4OzgB3xo&ref=https%3A%2F%2Fwww.flashscore.com.br&top=https%3A%2F%2Fespinh0.github.io&gacid=1279611362.1782996730&frm=2&tiba=Transport%20United%20x%20Drukpa%2002%2F07%2F2026%20%7C%20Futebol%20-%20Flashscore&gdid=dYWJhMj&npa=1&pscdl=denied&uaa=x86&uab=64&uafvl=Google%2520Chrome%3B149.0.7827.157%7CChromium%3B149.0.7827.157%7CNot)A%253BBrand%3B24.0.0.0&uamb=0&uam=&uap=Windows&uapv=19.0.0&uaw=0&_tu=SA&rcb=4&delc=BT:1  Failed to load resource: net::ERR_BLOCKED_BY_CLIENT
pagead2.googlesyndication.com/measurement/conversion?random=1782996729800&cv=11&tid=G-DK7FZPG8CJ&fst=1782996729800&fmt=8&en=session_start&gtm=45je66u1v880596980z871314122za20gzb71314122zd71314122xec&gcs=G100&gcd=13q3q3q3q5l1&dma_cps=-&dma=0&tcfd=10000&tag_exp=115938466~115938469~118012008~118897920~118897930~119027224~119576881~119576885~119576891~119576895&u_w=1920&u_h=1080&url=https%3A%2F%2Fwww.flashscore.com.br%2Fjogo%2Ffutebol%2Fdrukpa-dzzrQvs2%2Ftransport-united-27n3Un1s%2F%3Fmid%3D4OzgB3xo&ref=https%3A%2F%2Fwww.flashscore.com.br&top=https%3A%2F%2Fespinh0.github.io&gacid=1279611362.1782996730&frm=2&tiba=Transport%20United%20x%20Drukpa%2002%2F07%2F2026%20%7C%20Futebol%20-%20Flashscore&gdid=dYWJhMj&npa=1&pscdl=denied&uaa=x86&uab=64&uafvl=Google%2520Chrome%3B149.0.7827.157%7CChromium%3B149.0.7827.157%7CNot)A%253BBrand%3B24.0.0.0&uamb=0&uam=&uap=Windows&uapv=19.0.0&uaw=0&_tu=SA&rcb=4&delc=BT:1  Failed to load resource: net::ERR_BLOCKED_BY_CLIENT
pagead2.googlesyndication.com/measurement/conversion?random=1782996729810&cv=11&tid=G-DK7FZPG8CJ&fst=1782996729810&fmt=8&en=web_match_detail&gtm=45je66u1v880596980za20gzb71314122zd71314122xec&gcs=G100&gcd=13q3q3q3q5l1&dma_cps=-&dma=0&tcfd=10000&tag_exp=115938466~115938469~118012008~118897920~118897930~119027224~119576881~119576885~119576891~119576895&u_w=1920&u_h=1080&hl=pt&gl=br&url=https%3A%2F%2Fwww.flashscore.com.br%2Fjogo%2Ffutebol%2Fdrukpa-dzzrQvs2%2Ftransport-united-27n3Un1s%2F%3Fmid%3D4OzgB3xo&ref=https%3A%2F%2Fwww.flashscore.com.br&top=https%3A%2F%2Fespinh0.github.io&gacid=1279611362.1782996730&frm=2&tiba=Transport%20United%20x%20Drukpa%2002%2F07%2F2026%20%7C%20Futebol%20-%20Flashscore&gdid=dYWJhMj&npa=1&pscdl=denied&uaa=x86&uab=64&uafvl=Google%2520Chrome%3B149.0.7827.157%7CChromium%3B149.0.7827.157%7CNot)A%253BBrand%3B24.0.0.0&uamb=0&uam=&uap=Windows&uapv=19.0.0&uaw=0&_tu=SA&rcb=4&delc=BT:1  Failed to load resource: net::ERR_BLOCKED_BY_CLIENT
pagead2.googlesyndication.com/pagead/js/adsbygoogle.js:1  Failed to load resource: net::ERR_BLOCKED_BY_CLIENT
pagead2.googlesyndication.com/pagead/js/adsbygoogle.js:1  Failed to load resource: net::ERR_BLOCKED_BY_CLIENT
connect.facebook.net/en_US/fbevents.js:1  Failed to load resource: net::ERR_BLOCKED_BY_CLIENT
pagead2.googlesyndication.com/measurement/conversion?random=1782996738694&cv=11&tid=G-DK7FZPG8CJ&fst=1782996738694&fmt=8&en=page_view&gtm=45je66u1v880596980z871314122za20gzb71314122zd71314122xec&gcs=G100&gcd=13q3q3q3q5l1&dma_cps=-&dma=0&tcfd=10000&tag_exp=115616985~115938465~115938468~118395334~118897920~118897930~119027224~119576881~119576885~119576891~119576895~119793974&u_w=1920&u_h=1080&url=https%3A%2F%2Fwww.flashscore.com.br%2Ffutebol%2Fmundo%2Fcampeonato-do-mundo&ref=https%3A%2F%2Fwww.flashscore.com.br%2Fjogo%2Ffutebol%2Fdrukpa-dzzrQvs2%2Ftransport-united-27n3Un1s%2F%3Fmid%3D4OzgB3xo&top=https%3A%2F%2Fespinh0.github.io&gacid=672570519.1782996739&frm=2&tiba=Copa%20do%20Mundo%202026%20ao%20vivo%2C%20resultados%20Futebol%20Mundo%20-%20Flashscore.com.br&gdid=dYWJhMj&npa=1&pscdl=denied&uaa=x86&uab=64&uafvl=Google%2520Chrome%3B149.0.7827.157%7CChromium%3B149.0.7827.157%7CNot)A%253BBrand%3B24.0.0.0&uamb=0&uam=&uap=Windows&uapv=19.0.0&uaw=0&_tu=SA&rcb=7:1  Failed to load resource: net::ERR_BLOCKED_BY_CLIENT
pagead2.googlesyndication.com/measurement/conversion?random=1782996738694&cv=11&tid=G-DK7FZPG8CJ&fst=1782996738694&fmt=8&en=session_start&gtm=45je66u1v880596980z871314122za20gzb71314122zd71314122xec&gcs=G100&gcd=13q3q3q3q5l1&dma_cps=-&dma=0&tcfd=10000&tag_exp=115616985~115938465~115938468~118395334~118897920~118897930~119027224~119576881~119576885~119576891~119576895~119793974&u_w=1920&u_h=1080&url=https%3A%2F%2Fwww.flashscore.com.br%2Ffutebol%2Fmundo%2Fcampeonato-do-mundo&ref=https%3A%2F%2Fwww.flashscore.com.br%2Fjogo%2Ffutebol%2Fdrukpa-dzzrQvs2%2Ftransport-united-27n3Un1s%2F%3Fmid%3D4OzgB3xo&top=https%3A%2F%2Fespinh0.github.io&gacid=672570519.1782996739&frm=2&tiba=Copa%20do%20Mundo%202026%20ao%20vivo%2C%20resultados%20Futebol%20Mundo%20-%20Flashscore.com.br&gdid=dYWJhMj&npa=1&pscdl=denied&uaa=x86&uab=64&uafvl=Google%2520Chrome%3B149.0.7827.157%7CChromium%3B149.0.7827.157%7CNot)A%253BBrand%3B24.0.0.0&uamb=0&uam=&uap=Windows&uapv=19.0.0&uaw=0&_tu=SA&rcb=7:1  Failed to load resource: net::ERR_BLOCKED_BY_CLIENT
pagead2.googlesyndication.com/pagead/js/adsbygoogle.js:1  Failed to load resource: net::ERR_BLOCKED_BY_CLIENT
pagead2.googlesyndication.com/pagead/js/adsbygoogle.js:1  Failed to load resource: net::ERR_BLOCKED_BY_CLIENT
connect.facebook.net/en_US/fbevents.js:1  Failed to load resource: net::ERR_BLOCKED_BY_CLIENT
pagead2.googlesyndication.com/measurement/conversion?random=1782996744047&cv=11&tid=G-DK7FZPG8CJ&fst=1782996744047&fmt=8&en=page_view&gtm=45je66u1v880596980z871314122za20gzb71314122zd71314122xec&gcs=G100&gcd=13q3q3q3q5l1&dma_cps=-&dma=0&tcfd=10000&tag_exp=115616985~115938466~115938468~118897920~118897930~119027224~119576881~119576885~119576891~119576895&u_w=1920&u_h=1080&url=https%3A%2F%2Fwww.flashscore.com.br&ref=https%3A%2F%2Fwww.flashscore.com.br%2Ffutebol%2Fmundo%2Fcampeonato-do-mundo&top=https%3A%2F%2Fespinh0.github.io&gacid=948184130.1782996744&frm=2&tiba=Copa%20do%20Mundo%202026%2C%20resultados%20de%20%E2%9A%BD%20futebol%20ao%20vivo%2C%20Brasileir%C3%A3o%202026%2C%20Copa%20Libertadores%20%7C%20Flashscore.com.br&gdid=dYWJhMj&npa=1&pscdl=denied&uaa=x86&uab=64&uafvl=Google%2520Chrome%3B149.0.7827.157%7CChromium%3B149.0.7827.157%7CNot)A%253BBrand%3B24.0.0.0&uamb=0&uam=&uap=Windows&uapv=19.0.0&uaw=0&_tu=SA&rcb=6:1  Failed to load resource: net::ERR_BLOCKED_BY_CLIENT
pagead2.googlesyndication.com/measurement/conversion?random=1782996744047&cv=11&tid=G-DK7FZPG8CJ&fst=1782996744047&fmt=8&en=session_start&gtm=45je66u1v880596980z871314122za20gzb71314122zd71314122xec&gcs=G100&gcd=13q3q3q3q5l1&dma_cps=-&dma=0&tcfd=10000&tag_exp=115616985~115938466~115938468~118897920~118897930~119027224~119576881~119576885~119576891~119576895&u_w=1920&u_h=1080&url=https%3A%2F%2Fwww.flashscore.com.br&ref=https%3A%2F%2Fwww.flashscore.com.br%2Ffutebol%2Fmundo%2Fcampeonato-do-mundo&top=https%3A%2F%2Fespinh0.github.io&gacid=948184130.1782996744&frm=2&tiba=Copa%20do%20Mundo%202026%2C%20resultados%20de%20%E2%9A%BD%20futebol%20ao%20vivo%2C%20Brasileir%C3%A3o%202026%2C%20Copa%20Libertadores%20%7C%20Flashscore.com.br&gdid=dYWJhMj&npa=1&pscdl=denied&uaa=x86&uab=64&uafvl=Google%2520Chrome%3B149.0.7827.157%7CChromium%3B149.0.7827.157%7CNot)A%253BBrand%3B24.0.0.0&uamb=0&uam=&uap=Windows&uapv=19.0.0&uaw=0&_tu=SA&rcb=6:1  Failed to load resource: net::ERR_BLOCKED_BY_CLIENT
pagead2.googlesyndication.com/pagead/js/adsbygoogle.js:1  Failed to load resource: net::ERR_BLOCKED_BY_CLIENT
pagead2.googlesyndication.com/pagead/js/adsbygoogle.js:1  Failed to load resource: net::ERR_BLOCKED_BY_CLIENT
connect.facebook.net/en_US/fbevents.js:1  Failed to load resource: net::ERR_BLOCKED_BY_CLIENT
pagead2.googlesyndication.com/measurement/conversion?random=1782996747392&cv=11&tid=G-DK7FZPG8CJ&fst=1782996747392&fmt=8&en=page_view&gtm=45je66u1v880596980z871314122za20gzb71314122zd71314122xec&gcs=G100&gcd=13q3q3q3q5l1&dma_cps=-&dma=0&tcfd=10000&tag_exp=115938465~115938468~118897920~118897930~119027224~119381663~119576881~119576885~119576891~119576895&u_w=1920&u_h=1080&url=https%3A%2F%2Fwww.flashscore.com.br%2Fbasquete&ref=https%3A%2F%2Fwww.flashscore.com.br&top=https%3A%2F%2Fespinh0.github.io&gacid=1523214367.1782996747&frm=2&tiba=Resultados%20de%20basquete%20ao%20vivo%2C%20jogos%20ao%20vivo%20-%20Flashscore.com.br&gdid=dYWJhMj&npa=1&pscdl=denied&uaa=x86&uab=64&uafvl=Google%2520Chrome%3B149.0.7827.157%7CChromium%3B149.0.7827.157%7CNot)A%253BBrand%3B24.0.0.0&uamb=0&uam=&uap=Windows&uapv=19.0.0&uaw=0&_tu=SA&rcb=16:1  Failed to load resource: net::ERR_BLOCKED_BY_CLIENT
pagead2.googlesyndication.com/measurement/conversion?random=1782996747392&cv=11&tid=G-DK7FZPG8CJ&fst=1782996747392&fmt=8&en=session_start&gtm=45je66u1v880596980z871314122za20gzb71314122zd71314122xec&gcs=G100&gcd=13q3q3q3q5l1&dma_cps=-&dma=0&tcfd=10000&tag_exp=115938465~115938468~118897920~118897930~119027224~119381663~119576881~119576885~119576891~119576895&u_w=1920&u_h=1080&url=https%3A%2F%2Fwww.flashscore.com.br%2Fbasquete&ref=https%3A%2F%2Fwww.flashscore.com.br&top=https%3A%2F%2Fespinh0.github.io&gacid=1523214367.1782996747&frm=2&tiba=Resultados%20de%20basquete%20ao%20vivo%2C%20jogos%20ao%20vivo%20-%20Flashscore.com.br&gdid=dYWJhMj&npa=1&pscdl=denied&uaa=x86&uab=64&uafvl=Google%2520Chrome%3B149.0.7827.157%7CChromium%3B149.0.7827.157%7CNot)A%253BBrand%3B24.0.0.0&uamb=0&uam=&uap=Windows&uapv=19.0.0&uaw=0&_tu=SA&rcb=16:1  Failed to load resource: net::ERR_BLOCKED_BY_CLIENT
pagead2.googlesyndication.com/pagead/js/adsbygoogle.js:1  Failed to load resource: net::ERR_BLOCKED_BY_CLIENT
cdn.ftd.agency/libs/e.js:1  Failed to load resource: net::ERR_BLOCKED_BY_CLIENT
pagead2.googlesyndication.com/pagead/js/adsbygoogle.js:1  Failed to load resource: net::ERR_BLOCKED_BY_CLIENT
connect.facebook.net/en_US/fbevents.js:1  Failed to load resource: net::ERR_BLOCKED_BY_CLIENT
pagead2.googlesyndication.com/measurement/conversion?random=1782996752693&cv=11&tid=G-DK7FZPG8CJ&fst=1782996752693&fmt=8&en=page_view&gtm=45je66u1v880596980z871314122za20gzb71314122zd71314122xec&gcs=G100&gcd=13q3q3q3q5l1&dma_cps=-&dma=0&tcfd=10000&tag_exp=115938465~115938468~118395335~118897920~118897930~119027224~119576881~119576885~119576891~119576895&u_w=1920&u_h=1080&url=https%3A%2F%2Fwww.flashscore.com.br%2Fjogo%2Fbasquete%2Findia-0bmaKbJF%2Fqatar-80fyyImF%2F%3Fmid%3DnFLqmbwn&ref=https%3A%2F%2Fwww.flashscore.com.br%2Fbasquete&top=https%3A%2F%2Fespinh0.github.io&gacid=282638974.1782996753&frm=2&tiba=%C3%8Dndia%20x%20Qatar%2002%2F07%2F2026%20%7C%20Basquete%20-%20Flashscore&gdid=dYWJhMj&npa=1&pscdl=denied&uaa=x86&uab=64&uafvl=Google%2520Chrome%3B149.0.7827.157%7CChromium%3B149.0.7827.157%7CNot)A%253BBrand%3B24.0.0.0&uamb=0&uam=&uap=Windows&uapv=19.0.0&uaw=0&_tu=SA&rcb=9:1  Failed to load resource: net::ERR_BLOCKED_BY_CLIENT
pagead2.googlesyndication.com/measurement/conversion?random=1782996752693&cv=11&tid=G-DK7FZPG8CJ&fst=1782996752693&fmt=8&en=session_start&gtm=45je66u1v880596980z871314122za20gzb71314122zd71314122xec&gcs=G100&gcd=13q3q3q3q5l1&dma_cps=-&dma=0&tcfd=10000&tag_exp=115938465~115938468~118395335~118897920~118897930~119027224~119576881~119576885~119576891~119576895&u_w=1920&u_h=1080&url=https%3A%2F%2Fwww.flashscore.com.br%2Fjogo%2Fbasquete%2Findia-0bmaKbJF%2Fqatar-80fyyImF%2F%3Fmid%3DnFLqmbwn&ref=https%3A%2F%2Fwww.flashscore.com.br%2Fbasquete&top=https%3A%2F%2Fespinh0.github.io&gacid=282638974.1782996753&frm=2&tiba=%C3%8Dndia%20x%20Qatar%2002%2F07%2F2026%20%7C%20Basquete%20-%20Flashscore&gdid=dYWJhMj&npa=1&pscdl=denied&uaa=x86&uab=64&uafvl=Google%2520Chrome%3B149.0.7827.157%7CChromium%3B149.0.7827.157%7CNot)A%253BBrand%3B24.0.0.0&uamb=0&uam=&uap=Windows&uapv=19.0.0&uaw=0&_tu=SA&rcb=9:1  Failed to load resource: net::ERR_BLOCKED_BY_CLIENT
pagead2.googlesyndication.com/measurement/conversion?random=1782996752702&cv=11&tid=G-DK7FZPG8CJ&fst=1782996752702&fmt=8&en=web_match_detail&gtm=45je66u1v880596980za20gzb71314122zd71314122xec&gcs=G100&gcd=13q3q3q3q5l1&dma_cps=-&dma=0&tcfd=10000&tag_exp=115938465~115938468~118395335~118897920~118897930~119027224~119576881~119576885~119576891~119576895&u_w=1920&u_h=1080&hl=pt&gl=br&url=https%3A%2F%2Fwww.flashscore.com.br%2Fjogo%2Fbasquete%2Findia-0bmaKbJF%2Fqatar-80fyyImF%2F%3Fmid%3DnFLqmbwn&ref=https%3A%2F%2Fwww.flashscore.com.br%2Fbasquete&top=https%3A%2F%2Fespinh0.github.io&gacid=282638974.1782996753&frm=2&tiba=%C3%8Dndia%20x%20Qatar%2002%2F07%2F2026%20%7C%20Basquete%20-%20Flashscore&gdid=dYWJhMj&npa=1&pscdl=denied&uaa=x86&uab=64&uafvl=Google%2520Chrome%3B149.0.7827.157%7CChromium%3B149.0.7827.157%7CNot)A%253BBrand%3B24.0.0.0&uamb=0&uam=&uap=Windows&uapv=19.0.0&uaw=0&_tu=SA&rcb=9:1  Failed to load resource: net::ERR_BLOCKED_BY_CLIENT
pagead2.googlesyndication.com/pagead/js/adsbygoogle.js:1  Failed to load resource: net::ERR_BLOCKED_BY_CLIENT
campeonato-do-mundo/:2131 TypeError: Cannot read properties of undefined (reading 'getIdent')
    at campeonato-do-mundo/:2129:53
    at campeonato-do-mundo/:2178:2
(anonymous) @ campeonato-do-mundo/:2131
pagead2.googlesyndication.com/pagead/js/adsbygoogle.js:1  Failed to load resource: net::ERR_BLOCKED_BY_CLIENT
connect.facebook.net/en_US/fbevents.js:1  Failed to load resource: net::ERR_BLOCKED_BY_CLIENT
pagead2.googlesyndication.com/pagead/js/adsbygoogle.js:1  Failed to load resource: net::ERR_BLOCKED_BY_CLIENT
pagead2.googlesyndication.com/measurement/conversion?random=1783010706424&cv=11&tid=G-DK7FZPG8CJ&fst=1783010706424&fmt=8&en=page_view&gtm=45je66u1v880596980z871314122za20gzb71314122zd71314122xec&gcs=G100&gcd=13q3q3q3q5l1&dma_cps=-&dma=0&tcfd=10000&tag_exp=115938466~115938468~119027224~119576881~119576885~119576891~119576895&u_w=1920&u_h=1080&url=https%3A%2F%2Fwww.flashscore.com.br%2Ffutebol%2Fmundo%2Fcampeonato-do-mundo&ref=https%3A%2F%2Fwww.flashscore.com.br%2Fjogo%2Fbasquete%2Findia-0bmaKbJF%2Fqatar-80fyyImF%2F%3Fmid%3DnFLqmbwn&top=https%3A%2F%2Fespinh0.github.io&gacid=2094926722.1783010706&frm=2&tiba=Copa%20do%20Mundo%202026%20ao%20vivo%2C%20resultados%20Futebol%20Mundo%20-%20Flashscore.com.br&gdid=dYWJhMj&npa=1&pscdl=denied&uaa=x86&uab=64&uafvl=Google%2520Chrome%3B149.0.7827.157%7CChromium%3B149.0.7827.157%7CNot)A%253BBrand%3B24.0.0.0&uamb=0&uam=&uap=Windows&uapv=19.0.0&uaw=0&_tu=SA&rcb=10:1  Failed to load resource: net::ERR_BLOCKED_BY_CLIENT
pagead2.googlesyndication.com/measurement/conversion?random=1783010706424&cv=11&tid=G-DK7FZPG8CJ&fst=1783010706424&fmt=8&en=session_start&gtm=45je66u1v880596980z871314122za20gzb71314122zd71314122xec&gcs=G100&gcd=13q3q3q3q5l1&dma_cps=-&dma=0&tcfd=10000&tag_exp=115938466~115938468~119027224~119576881~119576885~119576891~119576895&u_w=1920&u_h=1080&url=https%3A%2F%2Fwww.flashscore.com.br%2Ffutebol%2Fmundo%2Fcampeonato-do-mundo&ref=https%3A%2F%2Fwww.flashscore.com.br%2Fjogo%2Fbasquete%2Findia-0bmaKbJF%2Fqatar-80fyyImF%2F%3Fmid%3DnFLqmbwn&top=https%3A%2F%2Fespinh0.github.io&gacid=2094926722.1783010706&frm=2&tiba=Copa%20do%20Mundo%202026%20ao%20vivo%2C%20resultados%20Futebol%20Mundo%20-%20Flashscore.com.br&gdid=dYWJhMj&npa=1&pscdl=denied&uaa=x86&uab=64&uafvl=Google%2520Chrome%3B149.0.7827.157%7CChromium%3B149.0.7827.157%7CNot)A%253BBrand%3B24.0.0.0&uamb=0&uam=&uap=Windows&uapv=19.0.0&uaw=0&_tu=SA&rcb=10:1  Failed to load resource: net::ERR_BLOCKED_BY_CLIENT
VM757:3 Uncaught SecurityError: Failed to read a named property '__tcfapi' from 'Window': Blocked a frame with origin "https://www.flashscore.com.br" from accessing a cross-origin frame.
    at K.render (vendors.f103527.js:1:283410)
    at R.renderContent (vendors.f103527.js:1:273267)
    at R.renderBanner (vendors.f103527.js:1:271761)
    at E.emitRequestSuccess (vendors.f103527.js:1:267144)
    at vendors.f103527.js:1:257356
    at c.forEach (<anonymous>)
    at f.resolveGetBannersResponse (vendors.f103527.js:1:257219)
    at f.executeForZones (vendors.f103527.js:1:255959)
VM758:3 Uncaught SecurityError: Failed to read a named property '__tcfapi' from 'Window': Blocked a frame with origin "https://www.flashscore.com.br" from accessing a cross-origin frame.
    at K.render (vendors.f103527.js:1:283410)
    at R.renderContent (vendors.f103527.js:1:273267)
    at R.renderBanner (vendors.f103527.js:1:271761)
    at E.emitRequestSuccess (vendors.f103527.js:1:267144)
    at vendors.f103527.js:1:257356
    at c.forEach (<anonymous>)
    at f.resolveGetBannersResponse (vendors.f103527.js:1:257219)
    at f.executeForZones (vendors.f103527.js:1:255959)
